_id,_state,_county,PortalID,CaseNum,AgencyReportNum,PartyID,FirstName,MiddleName,LastName,Suffix,DOB,Race,Sex,ArrestDate,FilingDate,OffenseDate,DivisionName,CaseStatus,DefenseAttorney,PublicDefender,Judge,ChargeCount,ChargeStatute,ChargeDescription,ChargeLevel,ChargeDegree,ChargeDisposition,ChargeDispositionDate,ChargeOffenseDate,ChargeCitationNum,ChargePlea,ChargePleaDate,ArrestingOfficer,ArrestingOfficerBadgeNumber
f79ced49-cc30-4c1d-ac58-7662bedf51c0,FL,Bay,20000001,032020CF000001XXAXMX,2000027,,,,,,,W,F,,1/2/2020,,PANAMA CITY BEACH PD,CLOSED,[],[],,1,32234 2a,DRIVING WHILE LICENSE SUSPENDED OR REVOKED ,M,S,TRANSFERRED TO ANOTHER COURT,02/17/2020,,,,,,
123a02c8-64d3-4190-85bc-307e9a3a5460,FL,Bay,20000002,032020CF000002XXAXMX,2020000106,,,,,,,W,M,,1/2/2020,,BAY COUNTY SHERIFF,CLOSED,[],[],,1,812014 3c,FELONY RETAIL THEFT ,F,T,ADJUDICATED GUILTY,02/10/2020,,,Nolo Contendere,2/10/2020,,
123a02c8-64d3-4190-85bc-307e9a3a5460,FL,Bay,20000002,032020CF000002XXAXMX,2020000106,,,,,,,W,M,,1/2/2020,,BAY COUNTY SHERIFF,CLOSED,[],[],,2,84302,RESIST OFFICER WITHOUT VIOLENCE ,M,F,ADJUDICATED GUILTY,02/10/2020,,,Nolo Contendere,2/10/2020,,
f15e489c-0c18-4d78-8205-606e14fd8fa0,FL,Bay,20000003,032020CF000003XXAXMX,2020000201,,,,,,,B,M,,1/2/2020,,BAY COUNTY SHERIFF,OPEN,[],[],,1,316193 2b3,DRIVING UNDER THE INFLUENCE 4TH OR SUBSQ OFFENSE ,F,T,,,,,Not Guilty,2/10/2020,,
